// Jest Snapshot v1, https://goo.gl/fbAQLP

exports[`Testing <Header/> RandomChar have rendered correctly 1`] = `ShallowWrapper {}`;
